LISTEN label=P08-03-B port=49305 mode=regular
CONFIG hold_all=0 hold_after_offset=-1 release_file= duplicate_late=0
HANDSHAKE connection=1 remote=127.0.0.1:4069 info_hash=dc94c5ed2e0ca7f54c3c00c598ca304644c7f0d6 expected=dc94c5ed2e0ca7f54c3c00c598ca304644c7f0d6 info_hash_match=1
BITFIELD_SENT pieces=1 advertised=0
UNCHOKE_SENT connection=1
INTERESTED_SENT connection=1
INTERESTED connection=1
REQUEST connection=1 piece=0 start=0 length=16384
MESSAGE connection=1 id=1 bytes=0
MESSAGE connection=1 id=4 bytes=4
CLIENT_DISCONNECTED connection=1 error=ConnectionResetError
PIECE_DROPPED connection=1
HANDSHAKE connection=2 remote=127.0.0.1:2001 info_hash=dc94c5ed2e0ca7f54c3c00c598ca304644c7f0d6 expected=dc94c5ed2e0ca7f54c3c00c598ca304644c7f0d6 info_hash_match=1
BITFIELD_SENT pieces=1 advertised=0
UNCHOKE_SENT connection=2
INTERESTED_SENT connection=2
INTERESTED connection=2
REQUEST connection=2 piece=0 start=0 length=16384
MESSAGE connection=2 id=1 bytes=0
PIECE_SENT connection=2 piece=0 start=0 length=16384
MESSAGE connection=2 id=4 bytes=4
CLIENT_DISCONNECTED connection=2 error=ConnectionResetError
