LISTEN label=P08-02-B port=49303 mode=regular
CONFIG hold_all=1 hold_after_offset=-1 release_file=C:\b\Colosseum-Server-1.0-workers\P08-A\artifacts\server1\P08\P08-A\raw\packet-run-20260907-151758218\P08-02\release-owned.marker duplicate_late=0
HANDSHAKE connection=1 remote=127.0.0.1:9855 info_hash=968e24b0969058a10eaea64359fa1cfaa422d457 expected=968e24b0969058a10eaea64359fa1cfaa422d457 info_hash_match=1
BITFIELD_SENT pieces=3 advertised=0,2
UNCHOKE_SENT connection=1
INTERESTED_SENT connection=1
INTERESTED connection=1
MESSAGE connection=1 id=1 bytes=0
CANCEL connection=1 piece=0 start=16384 length=16384
REQUEST connection=1 piece=2 start=0 length=16384
REQUEST connection=1 piece=2 start=16384 length=16384
REQUEST connection=1 piece=2 start=32768 length=7232
RELEASE_OBSERVED
RELEASE_OBSERVED
RELEASE_OBSERVED
LATE_PIECE_SENT_AFTER_RELEASE connection=1
LATE_PIECE_SENT_AFTER_RELEASE connection=1
LATE_PIECE_SENT_AFTER_RELEASE connection=1
MESSAGE connection=1 id=4 bytes=4
NOT_INTERESTED connection=1
CLIENT_DISCONNECTED connection=1 error=ConnectionResetError
