[net] IPv4-pinned live.metahub.space -> 92.223.116.254
[net] IPv4-pinned images.metahub.space -> 92.223.116.254
[net] IPv4-pinned v3-cinemeta.strem.io -> 104.17.88.107
[net] IPv4-pinned cinemeta-catalogs.strem.io -> 104.17.88.107
[net] IPv4-pinned graphql.anilist.co -> 104.26.15.71
[net] IPv4-pinned s4.anilist.co -> 104.26.15.71
[net] IPv4-pinned kitsu.io -> 172.67.146.143
[net] IPv4-pinned media.kitsu.app -> 172.67.72.129
[net] IPv4-pinned upload.wikimedia.org -> 103.102.166.240
[net] IPv4-pinned getcomics.org -> 104.21.37.221
[net] IPv4-pinned leagueofcomicgeeks.com -> 172.67.74.212
[net] IPv4-pinned apibay.org -> 172.67.137.143
[net] IPv4-pinned extto.org -> 104.21.38.81
[net] IPv4-pinned torrents-csv.com -> 51.15.62.20
[net] IPv4-pinned api.jikan.moe -> 135.181.39.91
[net] IPv4-pinned uploads.mangadex.org -> 45.129.229.2
[net] IPv4-pinned api.mangadex.org -> 45.129.229.1
[net] IPv4-pinned itunes.apple.com -> 23.221.68.113
[net] IPv4-pinned openlibrary.org -> 207.241.234.205
[net] IPv4-pinned wsrv.nl -> 104.21.91.126
[net] connection concierge on 127.0.0.1:9861 (metahub -> HTTP/2)
[img] webp decoder present
[downloads] loaded index: 2 chapters
[comics-catalog] no db at data/comics_catalog.db — catalogue lane dormant
[download] loaded video index: 13 files
No QSGTexture provided from updateSampledImage(). This is wrong.
No QSGTexture provided from updateSampledImage(). This is wrong.
qml: FACADE PROBE: opening C:\Users\Suprabha\AppData\Local\Temp\player2-facade-gate-contract-0d7b6d84ddf6448dbdc064628ff98ae4\media.mkv
No QSGTexture provided from updateSampledImage(). This is wrong.
No QSGTexture provided from updateSampledImage(). This is wrong.
qml: FACADE PROBE: signal fileStarted state=1 pos=0.00 dur=0.00 pause=false seeking=false
No QSGTexture provided from updateSampledImage(). This is wrong.
No QSGTexture provided from updateSampledImage(). This is wrong.
[matroska,webm @ 000001d7922b8140] Format matroska,webm detected only with low score of 1, misdetection possible!
[matroska,webm @ 000001d7922b8140] EBML header parsing failed
qml: FACADE PROBE: signal endFile reason=error state=8 pos=0.00 dur=0.00 pause=false seeking=false
qml: FACADE PROBE: signal playbackError open / Could not open media: Invalid data found when processing input
No QSGTexture provided from updateSampledImage(). This is wrong.
No QSGTexture provided from updateSampledImage(). This is wrong.
No QSGTexture provided from updateSampledImage(). This is wrong.
No QSGTexture provided from updateSampledImage(). This is wrong.
No QSGTexture provided from updateSampledImage(). This is wrong.
No QSGTexture provided from updateSampledImage(). This is wrong.
No QSGTexture provided from updateSampledImage(). This is wrong.
No QSGTexture provided from updateSampledImage(). This is wrong.
No QSGTexture provided from updateSampledImage(). This is wrong.
No QSGTexture provided from updateSampledImage(). This is wrong.
No QSGTexture provided from updateSampledImage(). This is wrong.
No QSGTexture provided from updateSampledImage(). This is wrong.
No QSGTexture provided from updateSampledImage(). This is wrong.
No QSGTexture provided from updateSampledImage(). This is wrong.
No QSGTexture provided from updateSampledImage(). This is wrong.
No QSGTexture provided from updateSampledImage(). This is wrong.
No QSGTexture provided from updateSampledImage(). This is wrong.
No QSGTexture provided from updateSampledImage(). This is wrong.
No QSGTexture provided from updateSampledImage(). This is wrong.
No QSGTexture provided from updateSampledImage(). This is wrong.
No QSGTexture provided from updateSampledImage(). This is wrong.
No QSGTexture provided from updateSampledImage(). This is wrong.
No QSGTexture provided from updateSampledImage(). This is wrong.
No QSGTexture provided from updateSampledImage(). This is wrong.
No QSGTexture provided from updateSampledImage(). This is wrong.
No QSGTexture provided from updateSampledImage(). This is wrong.
No QSGTexture provided from updateSampledImage(). This is wrong.
No QSGTexture provided from updateSampledImage(). This is wrong.
No QSGTexture provided from updateSampledImage(). This is wrong.
No QSGTexture provided from updateSampledImage(). This is wrong.
No QSGTexture provided from updateSampledImage(). This is wrong.
No QSGTexture provided from updateSampledImage(). This is wrong.
No QSGTexture provided from updateSampledImage(). This is wrong.
No QSGTexture provided from updateSampledImage(). This is wrong.
No QSGTexture provided from updateSampledImage(). This is wrong.
No QSGTexture provided from updateSampledImage(). This is wrong.
No QSGTexture provided from updateSampledImage(). This is wrong.
No QSGTexture provided from updateSampledImage(). This is wrong.
No QSGTexture provided from updateSampledImage(). This is wrong.
No QSGTexture provided from updateSampledImage(). This is wrong.
No QSGTexture provided from updateSampledImage(). This is wrong.
No QSGTexture provided from updateSampledImage(). This is wrong.
No QSGTexture provided from updateSampledImage(). This is wrong.
No QSGTexture provided from updateSampledImage(). This is wrong.
No QSGTexture provided from updateSampledImage(). This is wrong.
No QSGTexture provided from updateSampledImage(). This is wrong.
No QSGTexture provided from updateSampledImage(). This is wrong.
No QSGTexture provided from updateSampledImage(). This is wrong.
No QSGTexture provided from updateSampledImage(). This is wrong.
No QSGTexture provided from updateSampledImage(). This is wrong.
No QSGTexture provided from updateSampledImage(). This is wrong.
No QSGTexture provided from updateSampledImage(). This is wrong.
No QSGTexture provided from updateSampledImage(). This is wrong.
No QSGTexture provided from updateSampledImage(). This is wrong.
No QSGTexture provided from updateSampledImage(). This is wrong.
No QSGTexture provided from updateSampledImage(). This is wrong.
No QSGTexture provided from updateSampledImage(). This is wrong.
No QSGTexture provided from updateSampledImage(). This is wrong.
No QSGTexture provided from updateSampledImage(). This is wrong.
No QSGTexture provided from updateSampledImage(). This is wrong.
No QSGTexture provided from updateSampledImage(). This is wrong.
No QSGTexture provided from updateSampledImage(). This is wrong.
No QSGTexture provided from updateSampledImage(). This is wrong.
No QSGTexture provided from updateSampledImage(). This is wrong.
No QSGTexture provided from updateSampledImage(). This is wrong.
No QSGTexture provided from updateSampledImage(). This is wrong.
No QSGTexture provided from updateSampledImage(). This is wrong.
No QSGTexture provided from updateSampledImage(). This is wrong.
No QSGTexture provided from updateSampledImage(). This is wrong.
No QSGTexture provided from updateSampledImage(). This is wrong.
No QSGTexture provided from updateSampledImage(). This is wrong.
No QSGTexture provided from updateSampledImage(). This is wrong.
No QSGTexture provided from updateSampledImage(). This is wrong.
No QSGTexture provided from updateSampledImage(). This is wrong.
No QSGTexture provided from updateSampledImage(). This is wrong.
No QSGTexture provided from updateSampledImage(). This is wrong.
No QSGTexture provided from updateSampledImage(). This is wrong.
No QSGTexture provided from updateSampledImage(). This is wrong.
No QSGTexture provided from updateSampledImage(). This is wrong.
No QSGTexture provided from updateSampledImage(). This is wrong.
No QSGTexture provided from updateSampledImage(). This is wrong.
No QSGTexture provided from updateSampledImage(). This is wrong.
No QSGTexture provided from updateSampledImage(). This is wrong.
No QSGTexture provided from updateSampledImage(). This is wrong.
No QSGTexture provided from updateSampledImage(). This is wrong.
No QSGTexture provided from updateSampledImage(). This is wrong.
No QSGTexture provided from updateSampledImage(). This is wrong.
No QSGTexture provided from updateSampledImage(). This is wrong.
No QSGTexture provided from updateSampledImage(). This is wrong.
No QSGTexture provided from updateSampledImage(). This is wrong.
No QSGTexture provided from updateSampledImage(). This is wrong.
No QSGTexture provided from updateSampledImage(). This is wrong.
No QSGTexture provided from updateSampledImage(). This is wrong.
No QSGTexture provided from updateSampledImage(). This is wrong.
No QSGTexture provided from updateSampledImage(). This is wrong.
No QSGTexture provided from updateSampledImage(). This is wrong.
No QSGTexture provided from updateSampledImage(). This is wrong.
No QSGTexture provided from updateSampledImage(). This is wrong.
No QSGTexture provided from updateSampledImage(). This is wrong.
No QSGTexture provided from updateSampledImage(). This is wrong.
No QSGTexture provided from updateSampledImage(). This is wrong.
qml: FACADE PROBE: tick=8 phase=advance state=8 pos=0.00 dur=0.00 pause=false seeking=false
No QSGTexture provided from updateSampledImage(). This is wrong.
No QSGTexture provided from updateSampledImage(). This is wrong.
No QSGTexture provided from updateSampledImage(). This is wrong.
No QSGTexture provided from updateSampledImage(). This is wrong.
No QSGTexture provided from updateSampledImage(). This is wrong.
No QSGTexture provided from updateSampledImage(). This is wrong.
No QSGTexture provided from updateSampledImage(). This is wrong.
No QSGTexture provided from updateSampledImage(). This is wrong.
No QSGTexture provided from updateSampledImage(). This is wrong.
No QSGTexture provided from updateSampledImage(). This is wrong.
No QSGTexture provided from updateSampledImage(). This is wrong.
No QSGTexture provided from updateSampledImage(). This is wrong.
No QSGTexture provided from updateSampledImage(). This is wrong.
No QSGTexture provided from updateSampledImage(). This is wrong.
No QSGTexture provided from updateSampledImage(). This is wrong.
No QSGTexture provided from updateSampledImage(). This is wrong.
No QSGTexture provided from updateSampledImage(). This is wrong.
No QSGTexture provided from updateSampledImage(). This is wrong.
No QSGTexture provided from updateSampledImage(). This is wrong.
No QSGTexture provided from updateSampledImage(). This is wrong.
No QSGTexture provided from updateSampledImage(). This is wrong.
No QSGTexture provided from updateSampledImage(). This is wrong.
No QSGTexture provided from updateSampledImage(). This is wrong.
No QSGTexture provided from updateSampledImage(). This is wrong.
No QSGTexture provided from updateSampledImage(). This is wrong.
No QSGTexture provided from updateSampledImage(). This is wrong.
No QSGTexture provided from updateSampledImage(). This is wrong.
No QSGTexture provided from updateSampledImage(). This is wrong.
No QSGTexture provided from updateSampledImage(). This is wrong.
No QSGTexture provided from updateSampledImage(). This is wrong.
No QSGTexture provided from updateSampledImage(). This is wrong.
No QSGTexture provided from updateSampledImage(). This is wrong.
No QSGTexture provided from updateSampledImage(). This is wrong.
No QSGTexture provided from updateSampledImage(). This is wrong.
No QSGTexture provided from updateSampledImage(). This is wrong.
No QSGTexture provided from updateSampledImage(). This is wrong.
No QSGTexture provided from updateSampledImage(). This is wrong.
No QSGTexture provided from updateSampledImage(). This is wrong.
No QSGTexture provided from updateSampledImage(). This is wrong.
No QSGTexture provided from updateSampledImage(). This is wrong.
No QSGTexture provided from updateSampledImage(). This is wrong.
No QSGTexture provided from updateSampledImage(). This is wrong.
No QSGTexture provided from updateSampledImage(). This is wrong.
No QSGTexture provided from updateSampledImage(). This is wrong.
No QSGTexture provided from updateSampledImage(). This is wrong.
No QSGTexture provided from updateSampledImage(). This is wrong.
No QSGTexture provided from updateSampledImage(). This is wrong.
No QSGTexture provided from updateSampledImage(). This is wrong.
No QSGTexture provided from updateSampledImage(). This is wrong.
No QSGTexture provided from updateSampledImage(). This is wrong.
No QSGTexture provided from updateSampledImage(). This is wrong.
No QSGTexture provided from updateSampledImage(). This is wrong.
No QSGTexture provided from updateSampledImage(). This is wrong.
No QSGTexture provided from updateSampledImage(). This is wrong.
No QSGTexture provided from updateSampledImage(). This is wrong.
No QSGTexture provided from updateSampledImage(). This is wrong.
No QSGTexture provided from updateSampledImage(). This is wrong.
No QSGTexture provided from updateSampledImage(). This is wrong.
No QSGTexture provided from updateSampledImage(). This is wrong.
No QSGTexture provided from updateSampledImage(). This is wrong.
No QSGTexture provided from updateSampledImage(). This is wrong.
No QSGTexture provided from updateSampledImage(). This is wrong.
No QSGTexture provided from updateSampledImage(). This is wrong.
No QSGTexture provided from updateSampledImage(). This is wrong.
No QSGTexture provided from updateSampledImage(). This is wrong.
No QSGTexture provided from updateSampledImage(). This is wrong.
No QSGTexture provided from updateSampledImage(). This is wrong.
No QSGTexture provided from updateSampledImage(). This is wrong.
No QSGTexture provided from updateSampledImage(). This is wrong.
No QSGTexture provided from updateSampledImage(). This is wrong.
No QSGTexture provided from updateSampledImage(). This is wrong.
No QSGTexture provided from updateSampledImage(). This is wrong.
No QSGTexture provided from updateSampledImage(). This is wrong.
No QSGTexture provided from updateSampledImage(). This is wrong.
No QSGTexture provided from updateSampledImage(). This is wrong.
No QSGTexture provided from updateSampledImage(). This is wrong.
No QSGTexture provided from updateSampledImage(). This is wrong.
No QSGTexture provided from updateSampledImage(). This is wrong.
No QSGTexture provided from updateSampledImage(). This is wrong.
No QSGTexture provided from updateSampledImage(). This is wrong.
No QSGTexture provided from updateSampledImage(). This is wrong.
No QSGTexture provided from updateSampledImage(). This is wrong.
No QSGTexture provided from updateSampledImage(). This is wrong.
No QSGTexture provided from updateSampledImage(). This is wrong.
No QSGTexture provided from updateSampledImage(). This is wrong.
No QSGTexture provided from updateSampledImage(). This is wrong.
No QSGTexture provided from updateSampledImage(). This is wrong.
No QSGTexture provided from updateSampledImage(). This is wrong.
No QSGTexture provided from updateSampledImage(). This is wrong.
No QSGTexture provided from updateSampledImage(). This is wrong.
No QSGTexture provided from updateSampledImage(). This is wrong.
No QSGTexture provided from updateSampledImage(). This is wrong.
No QSGTexture provided from updateSampledImage(). This is wrong.
No QSGTexture provided from updateSampledImage(). This is wrong.
No QSGTexture provided from updateSampledImage(). This is wrong.
No QSGTexture provided from updateSampledImage(). This is wrong.
No QSGTexture provided from updateSampledImage(). This is wrong.
No QSGTexture provided from updateSampledImage(). This is wrong.
No QSGTexture provided from updateSampledImage(). This is wrong.
No QSGTexture provided from updateSampledImage(). This is wrong.
No QSGTexture provided from updateSampledImage(). This is wrong.
No QSGTexture provided from updateSampledImage(). This is wrong.
No QSGTexture provided from updateSampledImage(). This is wrong.
No QSGTexture provided from updateSampledImage(). This is wrong.
No QSGTexture provided from updateSampledImage(). This is wrong.
No QSGTexture provided from updateSampledImage(). This is wrong.
No QSGTexture provided from updateSampledImage(). This is wrong.
No QSGTexture provided from updateSampledImage(). This is wrong.
No QSGTexture provided from updateSampledImage(). This is wrong.
No QSGTexture provided from updateSampledImage(). This is wrong.
No QSGTexture provided from updateSampledImage(). This is wrong.
No QSGTexture provided from updateSampledImage(). This is wrong.
No QSGTexture provided from updateSampledImage(). This is wrong.
No QSGTexture provided from updateSampledImage(). This is wrong.
No QSGTexture provided from updateSampledImage(). This is wrong.
No QSGTexture provided from updateSampledImage(). This is wrong.
No QSGTexture provided from updateSampledImage(). This is wrong.
No QSGTexture provided from updateSampledImage(). This is wrong.
No QSGTexture provided from updateSampledImage(). This is wrong.
No QSGTexture provided from updateSampledImage(). This is wrong.
qml: FACADE PROBE: tick=16 phase=advance state=8 pos=0.00 dur=0.00 pause=false seeking=false
No QSGTexture provided from updateSampledImage(). This is wrong.
No QSGTexture provided from updateSampledImage(). This is wrong.
No QSGTexture provided from updateSampledImage(). This is wrong.
No QSGTexture provided from updateSampledImage(). This is wrong.
No QSGTexture provided from updateSampledImage(). This is wrong.
No QSGTexture provided from updateSampledImage(). This is wrong.
No QSGTexture provided from updateSampledImage(). This is wrong.
No QSGTexture provided from updateSampledImage(). This is wrong.
No QSGTexture provided from updateSampledImage(). This is wrong.
No QSGTexture provided from updateSampledImage(). This is wrong.
No QSGTexture provided from updateSampledImage(). This is wrong.
No QSGTexture provided from updateSampledImage(). This is wrong.
No QSGTexture provided from updateSampledImage(). This is wrong.
No QSGTexture provided from updateSampledImage(). This is wrong.
No QSGTexture provided from updateSampledImage(). This is wrong.
No QSGTexture provided from updateSampledImage(). This is wrong.
No QSGTexture provided from updateSampledImage(). This is wrong.
No QSGTexture provided from updateSampledImage(). This is wrong.
No QSGTexture provided from updateSampledImage(). This is wrong.
No QSGTexture provided from updateSampledImage(). This is wrong.
No QSGTexture provided from updateSampledImage(). This is wrong.
No QSGTexture provided from updateSampledImage(). This is wrong.
No QSGTexture provided from updateSampledImage(). This is wrong.
No QSGTexture provided from updateSampledImage(). This is wrong.
No QSGTexture provided from updateSampledImage(). This is wrong.
No QSGTexture provided from updateSampledImage(). This is wrong.
No QSGTexture provided from updateSampledImage(). This is wrong.
No QSGTexture provided from updateSampledImage(). This is wrong.
No QSGTexture provided from updateSampledImage(). This is wrong.
No QSGTexture provided from updateSampledImage(). This is wrong.
No QSGTexture provided from updateSampledImage(). This is wrong.
No QSGTexture provided from updateSampledImage(). This is wrong.
No QSGTexture provided from updateSampledImage(). This is wrong.
No QSGTexture provided from updateSampledImage(). This is wrong.
No QSGTexture provided from updateSampledImage(). This is wrong.
No QSGTexture provided from updateSampledImage(). This is wrong.
No QSGTexture provided from updateSampledImage(). This is wrong.
No QSGTexture provided from updateSampledImage(). This is wrong.
No QSGTexture provided from updateSampledImage(). This is wrong.
No QSGTexture provided from updateSampledImage(). This is wrong.
No QSGTexture provided from updateSampledImage(). This is wrong.
No QSGTexture provided from updateSampledImage(). This is wrong.
No QSGTexture provided from updateSampledImage(). This is wrong.
No QSGTexture provided from updateSampledImage(). This is wrong.
No QSGTexture provided from updateSampledImage(). This is wrong.
No QSGTexture provided from updateSampledImage(). This is wrong.
No QSGTexture provided from updateSampledImage(). This is wrong.
No QSGTexture provided from updateSampledImage(). This is wrong.
No QSGTexture provided from updateSampledImage(). This is wrong.
No QSGTexture provided from updateSampledImage(). This is wrong.
No QSGTexture provided from updateSampledImage(). This is wrong.
No QSGTexture provided from updateSampledImage(). This is wrong.
No QSGTexture provided from updateSampledImage(). This is wrong.
No QSGTexture provided from updateSampledImage(). This is wrong.
No QSGTexture provided from updateSampledImage(). This is wrong.
No QSGTexture provided from updateSampledImage(). This is wrong.
No QSGTexture provided from updateSampledImage(). This is wrong.
No QSGTexture provided from updateSampledImage(). This is wrong.
No QSGTexture provided from updateSampledImage(). This is wrong.
No QSGTexture provided from updateSampledImage(). This is wrong.
No QSGTexture provided from updateSampledImage(). This is wrong.
No QSGTexture provided from updateSampledImage(). This is wrong.
No QSGTexture provided from updateSampledImage(). This is wrong.
No QSGTexture provided from updateSampledImage(). This is wrong.
No QSGTexture provided from updateSampledImage(). This is wrong.
No QSGTexture provided from updateSampledImage(). This is wrong.
No QSGTexture provided from updateSampledImage(). This is wrong.
No QSGTexture provided from updateSampledImage(). This is wrong.
No QSGTexture provided from updateSampledImage(). This is wrong.
No QSGTexture provided from updateSampledImage(). This is wrong.
No QSGTexture provided from updateSampledImage(). This is wrong.
No QSGTexture provided from updateSampledImage(). This is wrong.
No QSGTexture provided from updateSampledImage(). This is wrong.
No QSGTexture provided from updateSampledImage(). This is wrong.
No QSGTexture provided from updateSampledImage(). This is wrong.
No QSGTexture provided from updateSampledImage(). This is wrong.
No QSGTexture provided from updateSampledImage(). This is wrong.
No QSGTexture provided from updateSampledImage(). This is wrong.
No QSGTexture provided from updateSampledImage(). This is wrong.
No QSGTexture provided from updateSampledImage(). This is wrong.
No QSGTexture provided from updateSampledImage(). This is wrong.
No QSGTexture provided from updateSampledImage(). This is wrong.
No QSGTexture provided from updateSampledImage(). This is wrong.
No QSGTexture provided from updateSampledImage(). This is wrong.
No QSGTexture provided from updateSampledImage(). This is wrong.
No QSGTexture provided from updateSampledImage(). This is wrong.
No QSGTexture provided from updateSampledImage(). This is wrong.
No QSGTexture provided from updateSampledImage(). This is wrong.
No QSGTexture provided from updateSampledImage(). This is wrong.
No QSGTexture provided from updateSampledImage(). This is wrong.
No QSGTexture provided from updateSampledImage(). This is wrong.
No QSGTexture provided from updateSampledImage(). This is wrong.
No QSGTexture provided from updateSampledImage(). This is wrong.
No QSGTexture provided from updateSampledImage(). This is wrong.
No QSGTexture provided from updateSampledImage(). This is wrong.
No QSGTexture provided from updateSampledImage(). This is wrong.
No QSGTexture provided from updateSampledImage(). This is wrong.
No QSGTexture provided from updateSampledImage(). This is wrong.
No QSGTexture provided from updateSampledImage(). This is wrong.
No QSGTexture provided from updateSampledImage(). This is wrong.
No QSGTexture provided from updateSampledImage(). This is wrong.
No QSGTexture provided from updateSampledImage(). This is wrong.
No QSGTexture provided from updateSampledImage(). This is wrong.
No QSGTexture provided from updateSampledImage(). This is wrong.
No QSGTexture provided from updateSampledImage(). This is wrong.
No QSGTexture provided from updateSampledImage(). This is wrong.
No QSGTexture provided from updateSampledImage(). This is wrong.
No QSGTexture provided from updateSampledImage(). This is wrong.
No QSGTexture provided from updateSampledImage(). This is wrong.
No QSGTexture provided from updateSampledImage(). This is wrong.
No QSGTexture provided from updateSampledImage(). This is wrong.
No QSGTexture provided from updateSampledImage(). This is wrong.
No QSGTexture provided from updateSampledImage(). This is wrong.
No QSGTexture provided from updateSampledImage(). This is wrong.
No QSGTexture provided from updateSampledImage(). This is wrong.
No QSGTexture provided from updateSampledImage(). This is wrong.
No QSGTexture provided from updateSampledImage(). This is wrong.
No QSGTexture provided from updateSampledImage(). This is wrong.
No QSGTexture provided from updateSampledImage(). This is wrong.
No QSGTexture provided from updateSampledImage(). This is wrong.
qml: FACADE PROBE: tick=24 phase=advance state=8 pos=0.00 dur=0.00 pause=false seeking=false
No QSGTexture provided from updateSampledImage(). This is wrong.
No QSGTexture provided from updateSampledImage(). This is wrong.
No QSGTexture provided from updateSampledImage(). This is wrong.
No QSGTexture provided from updateSampledImage(). This is wrong.
No QSGTexture provided from updateSampledImage(). This is wrong.
No QSGTexture provided from updateSampledImage(). This is wrong.
No QSGTexture provided from updateSampledImage(). This is wrong.
No QSGTexture provided from updateSampledImage(). This is wrong.
No QSGTexture provided from updateSampledImage(). This is wrong.
No QSGTexture provided from updateSampledImage(). This is wrong.
No QSGTexture provided from updateSampledImage(). This is wrong.
No QSGTexture provided from updateSampledImage(). This is wrong.
No QSGTexture provided from updateSampledImage(). This is wrong.
No QSGTexture provided from updateSampledImage(). This is wrong.
No QSGTexture provided from updateSampledImage(). This is wrong.
No QSGTexture provided from updateSampledImage(). This is wrong.
No QSGTexture provided from updateSampledImage(). This is wrong.
No QSGTexture provided from updateSampledImage(). This is wrong.
No QSGTexture provided from updateSampledImage(). This is wrong.
No QSGTexture provided from updateSampledImage(). This is wrong.
No QSGTexture provided from updateSampledImage(). This is wrong.
No QSGTexture provided from updateSampledImage(). This is wrong.
No QSGTexture provided from updateSampledImage(). This is wrong.
No QSGTexture provided from updateSampledImage(). This is wrong.
No QSGTexture provided from updateSampledImage(). This is wrong.
No QSGTexture provided from updateSampledImage(). This is wrong.
No QSGTexture provided from updateSampledImage(). This is wrong.
No QSGTexture provided from updateSampledImage(). This is wrong.
No QSGTexture provided from updateSampledImage(). This is wrong.
No QSGTexture provided from updateSampledImage(). This is wrong.
No QSGTexture provided from updateSampledImage(). This is wrong.
No QSGTexture provided from updateSampledImage(). This is wrong.
No QSGTexture provided from updateSampledImage(). This is wrong.
No QSGTexture provided from updateSampledImage(). This is wrong.
No QSGTexture provided from updateSampledImage(). This is wrong.
No QSGTexture provided from updateSampledImage(). This is wrong.
No QSGTexture provided from updateSampledImage(). This is wrong.
No QSGTexture provided from updateSampledImage(). This is wrong.
No QSGTexture provided from updateSampledImage(). This is wrong.
No QSGTexture provided from updateSampledImage(). This is wrong.
No QSGTexture provided from updateSampledImage(). This is wrong.
No QSGTexture provided from updateSampledImage(). This is wrong.
No QSGTexture provided from updateSampledImage(). This is wrong.
No QSGTexture provided from updateSampledImage(). This is wrong.
No QSGTexture provided from updateSampledImage(). This is wrong.
No QSGTexture provided from updateSampledImage(). This is wrong.
No QSGTexture provided from updateSampledImage(). This is wrong.
No QSGTexture provided from updateSampledImage(). This is wrong.
No QSGTexture provided from updateSampledImage(). This is wrong.
No QSGTexture provided from updateSampledImage(). This is wrong.
No QSGTexture provided from updateSampledImage(). This is wrong.
No QSGTexture provided from updateSampledImage(). This is wrong.
No QSGTexture provided from updateSampledImage(). This is wrong.
No QSGTexture provided from updateSampledImage(). This is wrong.
No QSGTexture provided from updateSampledImage(). This is wrong.
No QSGTexture provided from updateSampledImage(). This is wrong.
No QSGTexture provided from updateSampledImage(). This is wrong.
No QSGTexture provided from updateSampledImage(). This is wrong.
No QSGTexture provided from updateSampledImage(). This is wrong.
No QSGTexture provided from updateSampledImage(). This is wrong.
No QSGTexture provided from updateSampledImage(). This is wrong.
No QSGTexture provided from updateSampledImage(). This is wrong.
No QSGTexture provided from updateSampledImage(). This is wrong.
No QSGTexture provided from updateSampledImage(). This is wrong.
No QSGTexture provided from updateSampledImage(). This is wrong.
No QSGTexture provided from updateSampledImage(). This is wrong.
No QSGTexture provided from updateSampledImage(). This is wrong.
No QSGTexture provided from updateSampledImage(). This is wrong.
No QSGTexture provided from updateSampledImage(). This is wrong.
No QSGTexture provided from updateSampledImage(). This is wrong.
No QSGTexture provided from updateSampledImage(). This is wrong.
No QSGTexture provided from updateSampledImage(). This is wrong.
No QSGTexture provided from updateSampledImage(). This is wrong.
No QSGTexture provided from updateSampledImage(). This is wrong.
No QSGTexture provided from updateSampledImage(). This is wrong.
No QSGTexture provided from updateSampledImage(). This is wrong.
No QSGTexture provided from updateSampledImage(). This is wrong.
No QSGTexture provided from updateSampledImage(). This is wrong.
No QSGTexture provided from updateSampledImage(). This is wrong.
No QSGTexture provided from updateSampledImage(). This is wrong.
No QSGTexture provided from updateSampledImage(). This is wrong.
No QSGTexture provided from updateSampledImage(). This is wrong.
No QSGTexture provided from updateSampledImage(). This is wrong.
No QSGTexture provided from updateSampledImage(). This is wrong.
No QSGTexture provided from updateSampledImage(). This is wrong.
No QSGTexture provided from updateSampledImage(). This is wrong.
No QSGTexture provided from updateSampledImage(). This is wrong.
No QSGTexture provided from updateSampledImage(). This is wrong.
No QSGTexture provided from updateSampledImage(). This is wrong.
No QSGTexture provided from updateSampledImage(). This is wrong.
No QSGTexture provided from updateSampledImage(). This is wrong.
No QSGTexture provided from updateSampledImage(). This is wrong.
No QSGTexture provided from updateSampledImage(). This is wrong.
No QSGTexture provided from updateSampledImage(). This is wrong.
No QSGTexture provided from updateSampledImage(). This is wrong.
No QSGTexture provided from updateSampledImage(). This is wrong.
No QSGTexture provided from updateSampledImage(). This is wrong.
No QSGTexture provided from updateSampledImage(). This is wrong.
No QSGTexture provided from updateSampledImage(). This is wrong.
No QSGTexture provided from updateSampledImage(). This is wrong.
No QSGTexture provided from updateSampledImage(). This is wrong.
No QSGTexture provided from updateSampledImage(). This is wrong.
No QSGTexture provided from updateSampledImage(). This is wrong.
No QSGTexture provided from updateSampledImage(). This is wrong.
No QSGTexture provided from updateSampledImage(). This is wrong.
No QSGTexture provided from updateSampledImage(). This is wrong.
No QSGTexture provided from updateSampledImage(). This is wrong.
No QSGTexture provided from updateSampledImage(). This is wrong.
No QSGTexture provided from updateSampledImage(). This is wrong.
No QSGTexture provided from updateSampledImage(). This is wrong.
No QSGTexture provided from updateSampledImage(). This is wrong.
No QSGTexture provided from updateSampledImage(). This is wrong.
No QSGTexture provided from updateSampledImage(). This is wrong.
No QSGTexture provided from updateSampledImage(). This is wrong.
No QSGTexture provided from updateSampledImage(). This is wrong.
No QSGTexture provided from updateSampledImage(). This is wrong.
No QSGTexture provided from updateSampledImage(). This is wrong.
No QSGTexture provided from updateSampledImage(). This is wrong.
No QSGTexture provided from updateSampledImage(). This is wrong.
No QSGTexture provided from updateSampledImage(). This is wrong.
qml: FACADE PROBE: tick=32 phase=advance state=8 pos=0.00 dur=0.00 pause=false seeking=false
No QSGTexture provided from updateSampledImage(). This is wrong.
No QSGTexture provided from updateSampledImage(). This is wrong.
No QSGTexture provided from updateSampledImage(). This is wrong.
No QSGTexture provided from updateSampledImage(). This is wrong.
No QSGTexture provided from updateSampledImage(). This is wrong.
No QSGTexture provided from updateSampledImage(). This is wrong.
No QSGTexture provided from updateSampledImage(). This is wrong.
No QSGTexture provided from updateSampledImage(). This is wrong.
No QSGTexture provided from updateSampledImage(). This is wrong.
No QSGTexture provided from updateSampledImage(). This is wrong.
No QSGTexture provided from updateSampledImage(). This is wrong.
No QSGTexture provided from updateSampledImage(). This is wrong.
No QSGTexture provided from updateSampledImage(). This is wrong.
No QSGTexture provided from updateSampledImage(). This is wrong.
No QSGTexture provided from updateSampledImage(). This is wrong.
No QSGTexture provided from updateSampledImage(). This is wrong.
No QSGTexture provided from updateSampledImage(). This is wrong.
No QSGTexture provided from updateSampledImage(). This is wrong.
No QSGTexture provided from updateSampledImage(). This is wrong.
No QSGTexture provided from updateSampledImage(). This is wrong.
No QSGTexture provided from updateSampledImage(). This is wrong.
No QSGTexture provided from updateSampledImage(). This is wrong.
No QSGTexture provided from updateSampledImage(). This is wrong.
No QSGTexture provided from updateSampledImage(). This is wrong.
No QSGTexture provided from updateSampledImage(). This is wrong.
No QSGTexture provided from updateSampledImage(). This is wrong.
No QSGTexture provided from updateSampledImage(). This is wrong.
No QSGTexture provided from updateSampledImage(). This is wrong.
No QSGTexture provided from updateSampledImage(). This is wrong.
No QSGTexture provided from updateSampledImage(). This is wrong.
No QSGTexture provided from updateSampledImage(). This is wrong.
No QSGTexture provided from updateSampledImage(). This is wrong.
No QSGTexture provided from updateSampledImage(). This is wrong.
No QSGTexture provided from updateSampledImage(). This is wrong.
No QSGTexture provided from updateSampledImage(). This is wrong.
No QSGTexture provided from updateSampledImage(). This is wrong.
No QSGTexture provided from updateSampledImage(). This is wrong.
No QSGTexture provided from updateSampledImage(). This is wrong.
No QSGTexture provided from updateSampledImage(). This is wrong.
No QSGTexture provided from updateSampledImage(). This is wrong.
No QSGTexture provided from updateSampledImage(). This is wrong.
No QSGTexture provided from updateSampledImage(). This is wrong.
No QSGTexture provided from updateSampledImage(). This is wrong.
No QSGTexture provided from updateSampledImage(). This is wrong.
No QSGTexture provided from updateSampledImage(). This is wrong.
No QSGTexture provided from updateSampledImage(). This is wrong.
No QSGTexture provided from updateSampledImage(). This is wrong.
No QSGTexture provided from updateSampledImage(). This is wrong.
No QSGTexture provided from updateSampledImage(). This is wrong.
No QSGTexture provided from updateSampledImage(). This is wrong.
No QSGTexture provided from updateSampledImage(). This is wrong.
No QSGTexture provided from updateSampledImage(). This is wrong.
No QSGTexture provided from updateSampledImage(). This is wrong.
No QSGTexture provided from updateSampledImage(). This is wrong.
No QSGTexture provided from updateSampledImage(). This is wrong.
No QSGTexture provided from updateSampledImage(). This is wrong.
No QSGTexture provided from updateSampledImage(). This is wrong.
No QSGTexture provided from updateSampledImage(). This is wrong.
No QSGTexture provided from updateSampledImage(). This is wrong.
No QSGTexture provided from updateSampledImage(). This is wrong.
No QSGTexture provided from updateSampledImage(). This is wrong.
No QSGTexture provided from updateSampledImage(). This is wrong.
No QSGTexture provided from updateSampledImage(). This is wrong.
No QSGTexture provided from updateSampledImage(). This is wrong.
No QSGTexture provided from updateSampledImage(). This is wrong.
No QSGTexture provided from updateSampledImage(). This is wrong.
No QSGTexture provided from updateSampledImage(). This is wrong.
No QSGTexture provided from updateSampledImage(). This is wrong.
No QSGTexture provided from updateSampledImage(). This is wrong.
No QSGTexture provided from updateSampledImage(). This is wrong.
No QSGTexture provided from updateSampledImage(). This is wrong.
No QSGTexture provided from updateSampledImage(). This is wrong.
No QSGTexture provided from updateSampledImage(). This is wrong.
No QSGTexture provided from updateSampledImage(). This is wrong.
No QSGTexture provided from updateSampledImage(). This is wrong.
No QSGTexture provided from updateSampledImage(). This is wrong.
No QSGTexture provided from updateSampledImage(). This is wrong.
No QSGTexture provided from updateSampledImage(). This is wrong.
No QSGTexture provided from updateSampledImage(). This is wrong.
No QSGTexture provided from updateSampledImage(). This is wrong.
No QSGTexture provided from updateSampledImage(). This is wrong.
No QSGTexture provided from updateSampledImage(). This is wrong.
No QSGTexture provided from updateSampledImage(). This is wrong.
No QSGTexture provided from updateSampledImage(). This is wrong.
No QSGTexture provided from updateSampledImage(). This is wrong.
No QSGTexture provided from updateSampledImage(). This is wrong.
No QSGTexture provided from updateSampledImage(). This is wrong.
No QSGTexture provided from updateSampledImage(). This is wrong.
No QSGTexture provided from updateSampledImage(). This is wrong.
No QSGTexture provided from updateSampledImage(). This is wrong.
No QSGTexture provided from updateSampledImage(). This is wrong.
No QSGTexture provided from updateSampledImage(). This is wrong.
No QSGTexture provided from updateSampledImage(). This is wrong.
No QSGTexture provided from updateSampledImage(). This is wrong.
No QSGTexture provided from updateSampledImage(). This is wrong.
No QSGTexture provided from updateSampledImage(). This is wrong.
No QSGTexture provided from updateSampledImage(). This is wrong.
No QSGTexture provided from updateSampledImage(). This is wrong.
No QSGTexture provided from updateSampledImage(). This is wrong.
No QSGTexture provided from updateSampledImage(). This is wrong.
No QSGTexture provided from updateSampledImage(). This is wrong.
No QSGTexture provided from updateSampledImage(). This is wrong.
No QSGTexture provided from updateSampledImage(). This is wrong.
No QSGTexture provided from updateSampledImage(). This is wrong.
No QSGTexture provided from updateSampledImage(). This is wrong.
No QSGTexture provided from updateSampledImage(). This is wrong.
No QSGTexture provided from updateSampledImage(). This is wrong.
No QSGTexture provided from updateSampledImage(). This is wrong.
No QSGTexture provided from updateSampledImage(). This is wrong.
No QSGTexture provided from updateSampledImage(). This is wrong.
No QSGTexture provided from updateSampledImage(). This is wrong.
No QSGTexture provided from updateSampledImage(). This is wrong.
No QSGTexture provided from updateSampledImage(). This is wrong.
No QSGTexture provided from updateSampledImage(). This is wrong.
No QSGTexture provided from updateSampledImage(). This is wrong.
No QSGTexture provided from updateSampledImage(). This is wrong.
No QSGTexture provided from updateSampledImage(). This is wrong.
No QSGTexture provided from updateSampledImage(). This is wrong.
No QSGTexture provided from updateSampledImage(). This is wrong.
No QSGTexture provided from updateSampledImage(). This is wrong.
qml: FACADE PROBE: tick=40 phase=advance state=8 pos=0.00 dur=0.00 pause=false seeking=false
No QSGTexture provided from updateSampledImage(). This is wrong.
No QSGTexture provided from updateSampledImage(). This is wrong.
No QSGTexture provided from updateSampledImage(). This is wrong.
No QSGTexture provided from updateSampledImage(). This is wrong.
No QSGTexture provided from updateSampledImage(). This is wrong.
No QSGTexture provided from updateSampledImage(). This is wrong.
No QSGTexture provided from updateSampledImage(). This is wrong.
No QSGTexture provided from updateSampledImage(). This is wrong.
No QSGTexture provided from updateSampledImage(). This is wrong.
No QSGTexture provided from updateSampledImage(). This is wrong.
No QSGTexture provided from updateSampledImage(). This is wrong.
No QSGTexture provided from updateSampledImage(). This is wrong.
No QSGTexture provided from updateSampledImage(). This is wrong.
No QSGTexture provided from updateSampledImage(). This is wrong.
No QSGTexture provided from updateSampledImage(). This is wrong.
No QSGTexture provided from updateSampledImage(). This is wrong.
No QSGTexture provided from updateSampledImage(). This is wrong.
No QSGTexture provided from updateSampledImage(). This is wrong.
No QSGTexture provided from updateSampledImage(). This is wrong.
No QSGTexture provided from updateSampledImage(). This is wrong.
No QSGTexture provided from updateSampledImage(). This is wrong.
No QSGTexture provided from updateSampledImage(). This is wrong.
No QSGTexture provided from updateSampledImage(). This is wrong.
No QSGTexture provided from updateSampledImage(). This is wrong.
No QSGTexture provided from updateSampledImage(). This is wrong.
No QSGTexture provided from updateSampledImage(). This is wrong.
No QSGTexture provided from updateSampledImage(). This is wrong.
No QSGTexture provided from updateSampledImage(). This is wrong.
No QSGTexture provided from updateSampledImage(). This is wrong.
No QSGTexture provided from updateSampledImage(). This is wrong.
No QSGTexture provided from updateSampledImage(). This is wrong.
No QSGTexture provided from updateSampledImage(). This is wrong.
No QSGTexture provided from updateSampledImage(). This is wrong.
No QSGTexture provided from updateSampledImage(). This is wrong.
No QSGTexture provided from updateSampledImage(). This is wrong.
No QSGTexture provided from updateSampledImage(). This is wrong.
No QSGTexture provided from updateSampledImage(). This is wrong.
No QSGTexture provided from updateSampledImage(). This is wrong.
No QSGTexture provided from updateSampledImage(). This is wrong.
No QSGTexture provided from updateSampledImage(). This is wrong.
No QSGTexture provided from updateSampledImage(). This is wrong.
No QSGTexture provided from updateSampledImage(). This is wrong.
No QSGTexture provided from updateSampledImage(). This is wrong.
No QSGTexture provided from updateSampledImage(). This is wrong.
No QSGTexture provided from updateSampledImage(). This is wrong.
No QSGTexture provided from updateSampledImage(). This is wrong.
No QSGTexture provided from updateSampledImage(). This is wrong.
No QSGTexture provided from updateSampledImage(). This is wrong.
No QSGTexture provided from updateSampledImage(). This is wrong.
No QSGTexture provided from updateSampledImage(). This is wrong.
No QSGTexture provided from updateSampledImage(). This is wrong.
No QSGTexture provided from updateSampledImage(). This is wrong.
No QSGTexture provided from updateSampledImage(). This is wrong.
No QSGTexture provided from updateSampledImage(). This is wrong.
No QSGTexture provided from updateSampledImage(). This is wrong.
No QSGTexture provided from updateSampledImage(). This is wrong.
No QSGTexture provided from updateSampledImage(). This is wrong.
No QSGTexture provided from updateSampledImage(). This is wrong.
No QSGTexture provided from updateSampledImage(). This is wrong.
No QSGTexture provided from updateSampledImage(). This is wrong.
No QSGTexture provided from updateSampledImage(). This is wrong.
No QSGTexture provided from updateSampledImage(). This is wrong.
No QSGTexture provided from updateSampledImage(). This is wrong.
No QSGTexture provided from updateSampledImage(). This is wrong.
No QSGTexture provided from updateSampledImage(). This is wrong.
No QSGTexture provided from updateSampledImage(). This is wrong.
No QSGTexture provided from updateSampledImage(). This is wrong.
No QSGTexture provided from updateSampledImage(). This is wrong.
No QSGTexture provided from updateSampledImage(). This is wrong.
No QSGTexture provided from updateSampledImage(). This is wrong.
No QSGTexture provided from updateSampledImage(). This is wrong.
No QSGTexture provided from updateSampledImage(). This is wrong.
No QSGTexture provided from updateSampledImage(). This is wrong.
No QSGTexture provided from updateSampledImage(). This is wrong.
No QSGTexture provided from updateSampledImage(). This is wrong.
No QSGTexture provided from updateSampledImage(). This is wrong.
No QSGTexture provided from updateSampledImage(). This is wrong.
No QSGTexture provided from updateSampledImage(). This is wrong.
No QSGTexture provided from updateSampledImage(). This is wrong.
No QSGTexture provided from updateSampledImage(). This is wrong.
No QSGTexture provided from updateSampledImage(). This is wrong.
No QSGTexture provided from updateSampledImage(). This is wrong.
No QSGTexture provided from updateSampledImage(). This is wrong.
No QSGTexture provided from updateSampledImage(). This is wrong.
No QSGTexture provided from updateSampledImage(). This is wrong.
No QSGTexture provided from updateSampledImage(). This is wrong.
No QSGTexture provided from updateSampledImage(). This is wrong.
No QSGTexture provided from updateSampledImage(). This is wrong.
No QSGTexture provided from updateSampledImage(). This is wrong.
No QSGTexture provided from updateSampledImage(). This is wrong.
No QSGTexture provided from updateSampledImage(). This is wrong.
No QSGTexture provided from updateSampledImage(). This is wrong.
No QSGTexture provided from updateSampledImage(). This is wrong.
No QSGTexture provided from updateSampledImage(). This is wrong.
No QSGTexture provided from updateSampledImage(). This is wrong.
No QSGTexture provided from updateSampledImage(). This is wrong.
No QSGTexture provided from updateSampledImage(). This is wrong.
No QSGTexture provided from updateSampledImage(). This is wrong.
No QSGTexture provided from updateSampledImage(). This is wrong.
No QSGTexture provided from updateSampledImage(). This is wrong.
No QSGTexture provided from updateSampledImage(). This is wrong.
No QSGTexture provided from updateSampledImage(). This is wrong.
No QSGTexture provided from updateSampledImage(). This is wrong.
No QSGTexture provided from updateSampledImage(). This is wrong.
No QSGTexture provided from updateSampledImage(). This is wrong.
No QSGTexture provided from updateSampledImage(). This is wrong.
No QSGTexture provided from updateSampledImage(). This is wrong.
No QSGTexture provided from updateSampledImage(). This is wrong.
No QSGTexture provided from updateSampledImage(). This is wrong.
No QSGTexture provided from updateSampledImage(). This is wrong.
No QSGTexture provided from updateSampledImage(). This is wrong.
No QSGTexture provided from updateSampledImage(). This is wrong.
No QSGTexture provided from updateSampledImage(). This is wrong.
No QSGTexture provided from updateSampledImage(). This is wrong.
No QSGTexture provided from updateSampledImage(). This is wrong.
No QSGTexture provided from updateSampledImage(). This is wrong.
No QSGTexture provided from updateSampledImage(). This is wrong.
No QSGTexture provided from updateSampledImage(). This is wrong.
No QSGTexture provided from updateSampledImage(). This is wrong.
No QSGTexture provided from updateSampledImage(). This is wrong.
qml: FACADE PROBE: tick=48 phase=advance state=8 pos=0.00 dur=0.00 pause=false seeking=false
No QSGTexture provided from updateSampledImage(). This is wrong.
No QSGTexture provided from updateSampledImage(). This is wrong.
No QSGTexture provided from updateSampledImage(). This is wrong.
No QSGTexture provided from updateSampledImage(). This is wrong.
No QSGTexture provided from updateSampledImage(). This is wrong.
No QSGTexture provided from updateSampledImage(). This is wrong.
No QSGTexture provided from updateSampledImage(). This is wrong.
No QSGTexture provided from updateSampledImage(). This is wrong.
No QSGTexture provided from updateSampledImage(). This is wrong.
No QSGTexture provided from updateSampledImage(). This is wrong.
No QSGTexture provided from updateSampledImage(). This is wrong.
No QSGTexture provided from updateSampledImage(). This is wrong.
No QSGTexture provided from updateSampledImage(). This is wrong.
No QSGTexture provided from updateSampledImage(). This is wrong.
No QSGTexture provided from updateSampledImage(). This is wrong.
No QSGTexture provided from updateSampledImage(). This is wrong.
No QSGTexture provided from updateSampledImage(). This is wrong.
No QSGTexture provided from updateSampledImage(). This is wrong.
No QSGTexture provided from updateSampledImage(). This is wrong.
No QSGTexture provided from updateSampledImage(). This is wrong.
No QSGTexture provided from updateSampledImage(). This is wrong.
No QSGTexture provided from updateSampledImage(). This is wrong.
No QSGTexture provided from updateSampledImage(). This is wrong.
No QSGTexture provided from updateSampledImage(). This is wrong.
No QSGTexture provided from updateSampledImage(). This is wrong.
No QSGTexture provided from updateSampledImage(). This is wrong.
No QSGTexture provided from updateSampledImage(). This is wrong.
No QSGTexture provided from updateSampledImage(). This is wrong.
No QSGTexture provided from updateSampledImage(). This is wrong.
No QSGTexture provided from updateSampledImage(). This is wrong.
No QSGTexture provided from updateSampledImage(). This is wrong.
No QSGTexture provided from updateSampledImage(). This is wrong.
No QSGTexture provided from updateSampledImage(). This is wrong.
No QSGTexture provided from updateSampledImage(). This is wrong.
No QSGTexture provided from updateSampledImage(). This is wrong.
No QSGTexture provided from updateSampledImage(). This is wrong.
No QSGTexture provided from updateSampledImage(). This is wrong.
No QSGTexture provided from updateSampledImage(). This is wrong.
No QSGTexture provided from updateSampledImage(). This is wrong.
No QSGTexture provided from updateSampledImage(). This is wrong.
No QSGTexture provided from updateSampledImage(). This is wrong.
No QSGTexture provided from updateSampledImage(). This is wrong.
No QSGTexture provided from updateSampledImage(). This is wrong.
No QSGTexture provided from updateSampledImage(). This is wrong.
No QSGTexture provided from updateSampledImage(). This is wrong.
No QSGTexture provided from updateSampledImage(). This is wrong.
No QSGTexture provided from updateSampledImage(). This is wrong.
No QSGTexture provided from updateSampledImage(). This is wrong.
No QSGTexture provided from updateSampledImage(). This is wrong.
No QSGTexture provided from updateSampledImage(). This is wrong.
No QSGTexture provided from updateSampledImage(). This is wrong.
No QSGTexture provided from updateSampledImage(). This is wrong.
No QSGTexture provided from updateSampledImage(). This is wrong.
No QSGTexture provided from updateSampledImage(). This is wrong.
No QSGTexture provided from updateSampledImage(). This is wrong.
No QSGTexture provided from updateSampledImage(). This is wrong.
No QSGTexture provided from updateSampledImage(). This is wrong.
No QSGTexture provided from updateSampledImage(). This is wrong.
No QSGTexture provided from updateSampledImage(). This is wrong.
No QSGTexture provided from updateSampledImage(). This is wrong.
No QSGTexture provided from updateSampledImage(). This is wrong.
No QSGTexture provided from updateSampledImage(). This is wrong.
No QSGTexture provided from updateSampledImage(). This is wrong.
No QSGTexture provided from updateSampledImage(). This is wrong.
No QSGTexture provided from updateSampledImage(). This is wrong.
No QSGTexture provided from updateSampledImage(). This is wrong.
No QSGTexture provided from updateSampledImage(). This is wrong.
No QSGTexture provided from updateSampledImage(). This is wrong.
No QSGTexture provided from updateSampledImage(). This is wrong.
No QSGTexture provided from updateSampledImage(). This is wrong.
No QSGTexture provided from updateSampledImage(). This is wrong.
No QSGTexture provided from updateSampledImage(). This is wrong.
No QSGTexture provided from updateSampledImage(). This is wrong.
No QSGTexture provided from updateSampledImage(). This is wrong.
No QSGTexture provided from updateSampledImage(). This is wrong.
No QSGTexture provided from updateSampledImage(). This is wrong.
No QSGTexture provided from updateSampledImage(). This is wrong.
No QSGTexture provided from updateSampledImage(). This is wrong.
No QSGTexture provided from updateSampledImage(). This is wrong.
No QSGTexture provided from updateSampledImage(). This is wrong.
No QSGTexture provided from updateSampledImage(). This is wrong.
No QSGTexture provided from updateSampledImage(). This is wrong.
No QSGTexture provided from updateSampledImage(). This is wrong.
No QSGTexture provided from updateSampledImage(). This is wrong.
No QSGTexture provided from updateSampledImage(). This is wrong.
No QSGTexture provided from updateSampledImage(). This is wrong.
No QSGTexture provided from updateSampledImage(). This is wrong.
No QSGTexture provided from updateSampledImage(). This is wrong.
No QSGTexture provided from updateSampledImage(). This is wrong.
No QSGTexture provided from updateSampledImage(). This is wrong.
No QSGTexture provided from updateSampledImage(). This is wrong.
No QSGTexture provided from updateSampledImage(). This is wrong.
No QSGTexture provided from updateSampledImage(). This is wrong.
No QSGTexture provided from updateSampledImage(). This is wrong.
No QSGTexture provided from updateSampledImage(). This is wrong.
No QSGTexture provided from updateSampledImage(). This is wrong.
No QSGTexture provided from updateSampledImage(). This is wrong.
No QSGTexture provided from updateSampledImage(). This is wrong.
No QSGTexture provided from updateSampledImage(). This is wrong.
No QSGTexture provided from updateSampledImage(). This is wrong.
No QSGTexture provided from updateSampledImage(). This is wrong.
No QSGTexture provided from updateSampledImage(). This is wrong.
No QSGTexture provided from updateSampledImage(). This is wrong.
No QSGTexture provided from updateSampledImage(). This is wrong.
No QSGTexture provided from updateSampledImage(). This is wrong.
No QSGTexture provided from updateSampledImage(). This is wrong.
No QSGTexture provided from updateSampledImage(). This is wrong.
No QSGTexture provided from updateSampledImage(). This is wrong.
No QSGTexture provided from updateSampledImage(). This is wrong.
No QSGTexture provided from updateSampledImage(). This is wrong.
No QSGTexture provided from updateSampledImage(). This is wrong.
No QSGTexture provided from updateSampledImage(). This is wrong.
No QSGTexture provided from updateSampledImage(). This is wrong.
No QSGTexture provided from updateSampledImage(). This is wrong.
No QSGTexture provided from updateSampledImage(). This is wrong.
No QSGTexture provided from updateSampledImage(). This is wrong.
No QSGTexture provided from updateSampledImage(). This is wrong.
No QSGTexture provided from updateSampledImage(). This is wrong.
No QSGTexture provided from updateSampledImage(). This is wrong.
No QSGTexture provided from updateSampledImage(). This is wrong.
qml: FACADE PROBE: tick=56 phase=advance state=8 pos=0.00 dur=0.00 pause=false seeking=false
No QSGTexture provided from updateSampledImage(). This is wrong.
No QSGTexture provided from updateSampledImage(). This is wrong.
No QSGTexture provided from updateSampledImage(). This is wrong.
No QSGTexture provided from updateSampledImage(). This is wrong.
No QSGTexture provided from updateSampledImage(). This is wrong.
No QSGTexture provided from updateSampledImage(). This is wrong.
No QSGTexture provided from updateSampledImage(). This is wrong.
No QSGTexture provided from updateSampledImage(). This is wrong.
No QSGTexture provided from updateSampledImage(). This is wrong.
No QSGTexture provided from updateSampledImage(). This is wrong.
No QSGTexture provided from updateSampledImage(). This is wrong.
No QSGTexture provided from updateSampledImage(). This is wrong.
No QSGTexture provided from updateSampledImage(). This is wrong.
No QSGTexture provided from updateSampledImage(). This is wrong.
No QSGTexture provided from updateSampledImage(). This is wrong.
No QSGTexture provided from updateSampledImage(). This is wrong.
No QSGTexture provided from updateSampledImage(). This is wrong.
No QSGTexture provided from updateSampledImage(). This is wrong.
No QSGTexture provided from updateSampledImage(). This is wrong.
No QSGTexture provided from updateSampledImage(). This is wrong.
No QSGTexture provided from updateSampledImage(). This is wrong.
No QSGTexture provided from updateSampledImage(). This is wrong.
No QSGTexture provided from updateSampledImage(). This is wrong.
No QSGTexture provided from updateSampledImage(). This is wrong.
No QSGTexture provided from updateSampledImage(). This is wrong.
No QSGTexture provided from updateSampledImage(). This is wrong.
No QSGTexture provided from updateSampledImage(). This is wrong.
No QSGTexture provided from updateSampledImage(). This is wrong.
No QSGTexture provided from updateSampledImage(). This is wrong.
No QSGTexture provided from updateSampledImage(). This is wrong.
No QSGTexture provided from updateSampledImage(). This is wrong.
No QSGTexture provided from updateSampledImage(). This is wrong.
No QSGTexture provided from updateSampledImage(). This is wrong.
No QSGTexture provided from updateSampledImage(). This is wrong.
No QSGTexture provided from updateSampledImage(). This is wrong.
No QSGTexture provided from updateSampledImage(). This is wrong.
No QSGTexture provided from updateSampledImage(). This is wrong.
No QSGTexture provided from updateSampledImage(). This is wrong.
No QSGTexture provided from updateSampledImage(). This is wrong.
No QSGTexture provided from updateSampledImage(). This is wrong.
No QSGTexture provided from updateSampledImage(). This is wrong.
No QSGTexture provided from updateSampledImage(). This is wrong.
No QSGTexture provided from updateSampledImage(). This is wrong.
No QSGTexture provided from updateSampledImage(). This is wrong.
No QSGTexture provided from updateSampledImage(). This is wrong.
No QSGTexture provided from updateSampledImage(). This is wrong.
No QSGTexture provided from updateSampledImage(). This is wrong.
No QSGTexture provided from updateSampledImage(). This is wrong.
No QSGTexture provided from updateSampledImage(). This is wrong.
No QSGTexture provided from updateSampledImage(). This is wrong.
No QSGTexture provided from updateSampledImage(). This is wrong.
No QSGTexture provided from updateSampledImage(). This is wrong.
No QSGTexture provided from updateSampledImage(). This is wrong.
No QSGTexture provided from updateSampledImage(). This is wrong.
No QSGTexture provided from updateSampledImage(). This is wrong.
No QSGTexture provided from updateSampledImage(). This is wrong.
No QSGTexture provided from updateSampledImage(). This is wrong.
No QSGTexture provided from updateSampledImage(). This is wrong.
No QSGTexture provided from updateSampledImage(). This is wrong.
No QSGTexture provided from updateSampledImage(). This is wrong.
No QSGTexture provided from updateSampledImage(). This is wrong.
No QSGTexture provided from updateSampledImage(). This is wrong.
No QSGTexture provided from updateSampledImage(). This is wrong.
No QSGTexture provided from updateSampledImage(). This is wrong.
No QSGTexture provided from updateSampledImage(). This is wrong.
No QSGTexture provided from updateSampledImage(). This is wrong.
No QSGTexture provided from updateSampledImage(). This is wrong.
No QSGTexture provided from updateSampledImage(). This is wrong.
No QSGTexture provided from updateSampledImage(). This is wrong.
No QSGTexture provided from updateSampledImage(). This is wrong.
No QSGTexture provided from updateSampledImage(). This is wrong.
No QSGTexture provided from updateSampledImage(). This is wrong.
No QSGTexture provided from updateSampledImage(). This is wrong.
No QSGTexture provided from updateSampledImage(). This is wrong.
No QSGTexture provided from updateSampledImage(). This is wrong.
No QSGTexture provided from updateSampledImage(). This is wrong.
No QSGTexture provided from updateSampledImage(). This is wrong.
No QSGTexture provided from updateSampledImage(). This is wrong.
No QSGTexture provided from updateSampledImage(). This is wrong.
No QSGTexture provided from updateSampledImage(). This is wrong.
No QSGTexture provided from updateSampledImage(). This is wrong.
No QSGTexture provided from updateSampledImage(). This is wrong.
No QSGTexture provided from updateSampledImage(). This is wrong.
No QSGTexture provided from updateSampledImage(). This is wrong.
No QSGTexture provided from updateSampledImage(). This is wrong.
No QSGTexture provided from updateSampledImage(). This is wrong.
No QSGTexture provided from updateSampledImage(). This is wrong.
No QSGTexture provided from updateSampledImage(). This is wrong.
No QSGTexture provided from updateSampledImage(). This is wrong.
No QSGTexture provided from updateSampledImage(). This is wrong.
No QSGTexture provided from updateSampledImage(). This is wrong.
No QSGTexture provided from updateSampledImage(). This is wrong.
No QSGTexture provided from updateSampledImage(). This is wrong.
No QSGTexture provided from updateSampledImage(). This is wrong.
No QSGTexture provided from updateSampledImage(). This is wrong.
No QSGTexture provided from updateSampledImage(). This is wrong.
No QSGTexture provided from updateSampledImage(). This is wrong.
No QSGTexture provided from updateSampledImage(). This is wrong.
No QSGTexture provided from updateSampledImage(). This is wrong.
No QSGTexture provided from updateSampledImage(). This is wrong.
No QSGTexture provided from updateSampledImage(). This is wrong.
No QSGTexture provided from updateSampledImage(). This is wrong.
No QSGTexture provided from updateSampledImage(). This is wrong.
No QSGTexture provided from updateSampledImage(). This is wrong.
No QSGTexture provided from updateSampledImage(). This is wrong.
No QSGTexture provided from updateSampledImage(). This is wrong.
No QSGTexture provided from updateSampledImage(). This is wrong.
No QSGTexture provided from updateSampledImage(). This is wrong.
No QSGTexture provided from updateSampledImage(). This is wrong.
No QSGTexture provided from updateSampledImage(). This is wrong.
No QSGTexture provided from updateSampledImage(). This is wrong.
No QSGTexture provided from updateSampledImage(). This is wrong.
No QSGTexture provided from updateSampledImage(). This is wrong.
No QSGTexture provided from updateSampledImage(). This is wrong.
No QSGTexture provided from updateSampledImage(). This is wrong.
No QSGTexture provided from updateSampledImage(). This is wrong.
No QSGTexture provided from updateSampledImage(). This is wrong.
No QSGTexture provided from updateSampledImage(). This is wrong.
No QSGTexture provided from updateSampledImage(). This is wrong.
No QSGTexture provided from updateSampledImage(). This is wrong.
qml: FACADE PROBE: tick=64 phase=advance state=8 pos=0.00 dur=0.00 pause=false seeking=false
No QSGTexture provided from updateSampledImage(). This is wrong.
No QSGTexture provided from updateSampledImage(). This is wrong.
No QSGTexture provided from updateSampledImage(). This is wrong.
No QSGTexture provided from updateSampledImage(). This is wrong.
No QSGTexture provided from updateSampledImage(). This is wrong.
No QSGTexture provided from updateSampledImage(). This is wrong.
No QSGTexture provided from updateSampledImage(). This is wrong.
No QSGTexture provided from updateSampledImage(). This is wrong.
No QSGTexture provided from updateSampledImage(). This is wrong.
No QSGTexture provided from updateSampledImage(). This is wrong.
No QSGTexture provided from updateSampledImage(). This is wrong.
No QSGTexture provided from updateSampledImage(). This is wrong.
No QSGTexture provided from updateSampledImage(). This is wrong.
No QSGTexture provided from updateSampledImage(). This is wrong.
No QSGTexture provided from updateSampledImage(). This is wrong.
No QSGTexture provided from updateSampledImage(). This is wrong.
No QSGTexture provided from updateSampledImage(). This is wrong.
No QSGTexture provided from updateSampledImage(). This is wrong.
No QSGTexture provided from updateSampledImage(). This is wrong.
No QSGTexture provided from updateSampledImage(). This is wrong.
No QSGTexture provided from updateSampledImage(). This is wrong.
No QSGTexture provided from updateSampledImage(). This is wrong.
No QSGTexture provided from updateSampledImage(). This is wrong.
No QSGTexture provided from updateSampledImage(). This is wrong.
No QSGTexture provided from updateSampledImage(). This is wrong.
No QSGTexture provided from updateSampledImage(). This is wrong.
No QSGTexture provided from updateSampledImage(). This is wrong.
No QSGTexture provided from updateSampledImage(). This is wrong.
No QSGTexture provided from updateSampledImage(). This is wrong.
No QSGTexture provided from updateSampledImage(). This is wrong.
No QSGTexture provided from updateSampledImage(). This is wrong.
No QSGTexture provided from updateSampledImage(). This is wrong.
No QSGTexture provided from updateSampledImage(). This is wrong.
No QSGTexture provided from updateSampledImage(). This is wrong.
No QSGTexture provided from updateSampledImage(). This is wrong.
No QSGTexture provided from updateSampledImage(). This is wrong.
No QSGTexture provided from updateSampledImage(). This is wrong.
No QSGTexture provided from updateSampledImage(). This is wrong.
No QSGTexture provided from updateSampledImage(). This is wrong.
No QSGTexture provided from updateSampledImage(). This is wrong.
No QSGTexture provided from updateSampledImage(). This is wrong.
No QSGTexture provided from updateSampledImage(). This is wrong.
No QSGTexture provided from updateSampledImage(). This is wrong.
No QSGTexture provided from updateSampledImage(). This is wrong.
No QSGTexture provided from updateSampledImage(). This is wrong.
No QSGTexture provided from updateSampledImage(). This is wrong.
No QSGTexture provided from updateSampledImage(). This is wrong.
No QSGTexture provided from updateSampledImage(). This is wrong.
No QSGTexture provided from updateSampledImage(). This is wrong.
No QSGTexture provided from updateSampledImage(). This is wrong.
No QSGTexture provided from updateSampledImage(). This is wrong.
No QSGTexture provided from updateSampledImage(). This is wrong.
No QSGTexture provided from updateSampledImage(). This is wrong.
No QSGTexture provided from updateSampledImage(). This is wrong.
No QSGTexture provided from updateSampledImage(). This is wrong.
No QSGTexture provided from updateSampledImage(). This is wrong.
No QSGTexture provided from updateSampledImage(). This is wrong.
No QSGTexture provided from updateSampledImage(). This is wrong.
No QSGTexture provided from updateSampledImage(). This is wrong.
No QSGTexture provided from updateSampledImage(). This is wrong.
No QSGTexture provided from updateSampledImage(). This is wrong.
No QSGTexture provided from updateSampledImage(). This is wrong.
No QSGTexture provided from updateSampledImage(). This is wrong.
No QSGTexture provided from updateSampledImage(). This is wrong.
No QSGTexture provided from updateSampledImage(). This is wrong.
No QSGTexture provided from updateSampledImage(). This is wrong.
No QSGTexture provided from updateSampledImage(). This is wrong.
No QSGTexture provided from updateSampledImage(). This is wrong.
No QSGTexture provided from updateSampledImage(). This is wrong.
No QSGTexture provided from updateSampledImage(). This is wrong.
No QSGTexture provided from updateSampledImage(). This is wrong.
No QSGTexture provided from updateSampledImage(). This is wrong.
No QSGTexture provided from updateSampledImage(). This is wrong.
No QSGTexture provided from updateSampledImage(). This is wrong.
No QSGTexture provided from updateSampledImage(). This is wrong.
No QSGTexture provided from updateSampledImage(). This is wrong.
No QSGTexture provided from updateSampledImage(). This is wrong.
No QSGTexture provided from updateSampledImage(). This is wrong.
No QSGTexture provided from updateSampledImage(). This is wrong.
No QSGTexture provided from updateSampledImage(). This is wrong.
No QSGTexture provided from updateSampledImage(). This is wrong.
No QSGTexture provided from updateSampledImage(). This is wrong.
No QSGTexture provided from updateSampledImage(). This is wrong.
No QSGTexture provided from updateSampledImage(). This is wrong.
No QSGTexture provided from updateSampledImage(). This is wrong.
No QSGTexture provided from updateSampledImage(). This is wrong.
No QSGTexture provided from updateSampledImage(). This is wrong.
No QSGTexture provided from updateSampledImage(). This is wrong.
No QSGTexture provided from updateSampledImage(). This is wrong.
No QSGTexture provided from updateSampledImage(). This is wrong.
No QSGTexture provided from updateSampledImage(). This is wrong.
No QSGTexture provided from updateSampledImage(). This is wrong.
No QSGTexture provided from updateSampledImage(). This is wrong.
No QSGTexture provided from updateSampledImage(). This is wrong.
No QSGTexture provided from updateSampledImage(). This is wrong.
No QSGTexture provided from updateSampledImage(). This is wrong.
No QSGTexture provided from updateSampledImage(). This is wrong.
No QSGTexture provided from updateSampledImage(). This is wrong.
No QSGTexture provided from updateSampledImage(). This is wrong.
No QSGTexture provided from updateSampledImage(). This is wrong.
No QSGTexture provided from updateSampledImage(). This is wrong.
No QSGTexture provided from updateSampledImage(). This is wrong.
No QSGTexture provided from updateSampledImage(). This is wrong.
No QSGTexture provided from updateSampledImage(). This is wrong.
No QSGTexture provided from updateSampledImage(). This is wrong.
No QSGTexture provided from updateSampledImage(). This is wrong.
No QSGTexture provided from updateSampledImage(). This is wrong.
No QSGTexture provided from updateSampledImage(). This is wrong.
No QSGTexture provided from updateSampledImage(). This is wrong.
No QSGTexture provided from updateSampledImage(). This is wrong.
No QSGTexture provided from updateSampledImage(). This is wrong.
No QSGTexture provided from updateSampledImage(). This is wrong.
No QSGTexture provided from updateSampledImage(). This is wrong.
No QSGTexture provided from updateSampledImage(). This is wrong.
No QSGTexture provided from updateSampledImage(). This is wrong.
No QSGTexture provided from updateSampledImage(). This is wrong.
No QSGTexture provided from updateSampledImage(). This is wrong.
No QSGTexture provided from updateSampledImage(). This is wrong.
No QSGTexture provided from updateSampledImage(). This is wrong.
qml: FACADE PROBE: tick=72 phase=advance state=8 pos=0.00 dur=0.00 pause=false seeking=false
No QSGTexture provided from updateSampledImage(). This is wrong.
No QSGTexture provided from updateSampledImage(). This is wrong.
No QSGTexture provided from updateSampledImage(). This is wrong.
No QSGTexture provided from updateSampledImage(). This is wrong.
No QSGTexture provided from updateSampledImage(). This is wrong.
No QSGTexture provided from updateSampledImage(). This is wrong.
No QSGTexture provided from updateSampledImage(). This is wrong.
No QSGTexture provided from updateSampledImage(). This is wrong.
No QSGTexture provided from updateSampledImage(). This is wrong.
No QSGTexture provided from updateSampledImage(). This is wrong.
No QSGTexture provided from updateSampledImage(). This is wrong.
No QSGTexture provided from updateSampledImage(). This is wrong.
No QSGTexture provided from updateSampledImage(). This is wrong.
No QSGTexture provided from updateSampledImage(). This is wrong.
No QSGTexture provided from updateSampledImage(). This is wrong.
No QSGTexture provided from updateSampledImage(). This is wrong.
No QSGTexture provided from updateSampledImage(). This is wrong.
No QSGTexture provided from updateSampledImage(). This is wrong.
No QSGTexture provided from updateSampledImage(). This is wrong.
No QSGTexture provided from updateSampledImage(). This is wrong.
No QSGTexture provided from updateSampledImage(). This is wrong.
No QSGTexture provided from updateSampledImage(). This is wrong.
No QSGTexture provided from updateSampledImage(). This is wrong.
No QSGTexture provided from updateSampledImage(). This is wrong.
No QSGTexture provided from updateSampledImage(). This is wrong.
No QSGTexture provided from updateSampledImage(). This is wrong.
No QSGTexture provided from updateSampledImage(). This is wrong.
No QSGTexture provided from updateSampledImage(). This is wrong.
No QSGTexture provided from updateSampledImage(). This is wrong.
No QSGTexture provided from updateSampledImage(). This is wrong.
No QSGTexture provided from updateSampledImage(). This is wrong.
No QSGTexture provided from updateSampledImage(). This is wrong.
No QSGTexture provided from updateSampledImage(). This is wrong.
No QSGTexture provided from updateSampledImage(). This is wrong.
No QSGTexture provided from updateSampledImage(). This is wrong.
No QSGTexture provided from updateSampledImage(). This is wrong.
No QSGTexture provided from updateSampledImage(). This is wrong.
No QSGTexture provided from updateSampledImage(). This is wrong.
No QSGTexture provided from updateSampledImage(). This is wrong.
No QSGTexture provided from updateSampledImage(). This is wrong.
No QSGTexture provided from updateSampledImage(). This is wrong.
No QSGTexture provided from updateSampledImage(). This is wrong.
No QSGTexture provided from updateSampledImage(). This is wrong.
No QSGTexture provided from updateSampledImage(). This is wrong.
No QSGTexture provided from updateSampledImage(). This is wrong.
No QSGTexture provided from updateSampledImage(). This is wrong.
No QSGTexture provided from updateSampledImage(). This is wrong.
No QSGTexture provided from updateSampledImage(). This is wrong.
No QSGTexture provided from updateSampledImage(). This is wrong.
No QSGTexture provided from updateSampledImage(). This is wrong.
No QSGTexture provided from updateSampledImage(). This is wrong.
No QSGTexture provided from updateSampledImage(). This is wrong.
No QSGTexture provided from updateSampledImage(). This is wrong.
No QSGTexture provided from updateSampledImage(). This is wrong.
No QSGTexture provided from updateSampledImage(). This is wrong.
No QSGTexture provided from updateSampledImage(). This is wrong.
No QSGTexture provided from updateSampledImage(). This is wrong.
No QSGTexture provided from updateSampledImage(). This is wrong.
No QSGTexture provided from updateSampledImage(). This is wrong.
No QSGTexture provided from updateSampledImage(). This is wrong.
No QSGTexture provided from updateSampledImage(). This is wrong.
No QSGTexture provided from updateSampledImage(). This is wrong.
No QSGTexture provided from updateSampledImage(). This is wrong.
No QSGTexture provided from updateSampledImage(). This is wrong.
No QSGTexture provided from updateSampledImage(). This is wrong.
No QSGTexture provided from updateSampledImage(). This is wrong.
No QSGTexture provided from updateSampledImage(). This is wrong.
No QSGTexture provided from updateSampledImage(). This is wrong.
No QSGTexture provided from updateSampledImage(). This is wrong.
No QSGTexture provided from updateSampledImage(). This is wrong.
No QSGTexture provided from updateSampledImage(). This is wrong.
No QSGTexture provided from updateSampledImage(). This is wrong.
No QSGTexture provided from updateSampledImage(). This is wrong.
No QSGTexture provided from updateSampledImage(). This is wrong.
No QSGTexture provided from updateSampledImage(). This is wrong.
No QSGTexture provided from updateSampledImage(). This is wrong.
No QSGTexture provided from updateSampledImage(). This is wrong.
No QSGTexture provided from updateSampledImage(). This is wrong.
No QSGTexture provided from updateSampledImage(). This is wrong.
No QSGTexture provided from updateSampledImage(). This is wrong.
No QSGTexture provided from updateSampledImage(). This is wrong.
No QSGTexture provided from updateSampledImage(). This is wrong.
No QSGTexture provided from updateSampledImage(). This is wrong.
No QSGTexture provided from updateSampledImage(). This is wrong.
No QSGTexture provided from updateSampledImage(). This is wrong.
No QSGTexture provided from updateSampledImage(). This is wrong.
No QSGTexture provided from updateSampledImage(). This is wrong.
No QSGTexture provided from updateSampledImage(). This is wrong.
No QSGTexture provided from updateSampledImage(). This is wrong.
No QSGTexture provided from updateSampledImage(). This is wrong.
No QSGTexture provided from updateSampledImage(). This is wrong.
No QSGTexture provided from updateSampledImage(). This is wrong.
No QSGTexture provided from updateSampledImage(). This is wrong.
No QSGTexture provided from updateSampledImage(). This is wrong.
No QSGTexture provided from updateSampledImage(). This is wrong.
No QSGTexture provided from updateSampledImage(). This is wrong.
No QSGTexture provided from updateSampledImage(). This is wrong.
No QSGTexture provided from updateSampledImage(). This is wrong.
No QSGTexture provided from updateSampledImage(). This is wrong.
No QSGTexture provided from updateSampledImage(). This is wrong.
No QSGTexture provided from updateSampledImage(). This is wrong.
No QSGTexture provided from updateSampledImage(). This is wrong.
No QSGTexture provided from updateSampledImage(). This is wrong.
No QSGTexture provided from updateSampledImage(). This is wrong.
No QSGTexture provided from updateSampledImage(). This is wrong.
No QSGTexture provided from updateSampledImage(). This is wrong.
No QSGTexture provided from updateSampledImage(). This is wrong.
No QSGTexture provided from updateSampledImage(). This is wrong.
No QSGTexture provided from updateSampledImage(). This is wrong.
No QSGTexture provided from updateSampledImage(). This is wrong.
No QSGTexture provided from updateSampledImage(). This is wrong.
No QSGTexture provided from updateSampledImage(). This is wrong.
No QSGTexture provided from updateSampledImage(). This is wrong.
No QSGTexture provided from updateSampledImage(). This is wrong.
No QSGTexture provided from updateSampledImage(). This is wrong.
No QSGTexture provided from updateSampledImage(). This is wrong.
No QSGTexture provided from updateSampledImage(). This is wrong.
No QSGTexture provided from updateSampledImage(). This is wrong.
No QSGTexture provided from updateSampledImage(). This is wrong.
No QSGTexture provided from updateSampledImage(). This is wrong.
qml: FACADE PROBE: tick=80 phase=advance state=8 pos=0.00 dur=0.00 pause=false seeking=false
No QSGTexture provided from updateSampledImage(). This is wrong.
No QSGTexture provided from updateSampledImage(). This is wrong.
No QSGTexture provided from updateSampledImage(). This is wrong.
No QSGTexture provided from updateSampledImage(). This is wrong.
No QSGTexture provided from updateSampledImage(). This is wrong.
No QSGTexture provided from updateSampledImage(). This is wrong.
No QSGTexture provided from updateSampledImage(). This is wrong.
No QSGTexture provided from updateSampledImage(). This is wrong.
No QSGTexture provided from updateSampledImage(). This is wrong.
No QSGTexture provided from updateSampledImage(). This is wrong.
No QSGTexture provided from updateSampledImage(). This is wrong.
No QSGTexture provided from updateSampledImage(). This is wrong.
No QSGTexture provided from updateSampledImage(). This is wrong.
No QSGTexture provided from updateSampledImage(). This is wrong.
No QSGTexture provided from updateSampledImage(). This is wrong.
No QSGTexture provided from updateSampledImage(). This is wrong.
No QSGTexture provided from updateSampledImage(). This is wrong.
No QSGTexture provided from updateSampledImage(). This is wrong.
No QSGTexture provided from updateSampledImage(). This is wrong.
No QSGTexture provided from updateSampledImage(). This is wrong.
No QSGTexture provided from updateSampledImage(). This is wrong.
No QSGTexture provided from updateSampledImage(). This is wrong.
No QSGTexture provided from updateSampledImage(). This is wrong.
No QSGTexture provided from updateSampledImage(). This is wrong.
No QSGTexture provided from updateSampledImage(). This is wrong.
No QSGTexture provided from updateSampledImage(). This is wrong.
No QSGTexture provided from updateSampledImage(). This is wrong.
No QSGTexture provided from updateSampledImage(). This is wrong.
No QSGTexture provided from updateSampledImage(). This is wrong.
No QSGTexture provided from updateSampledImage(). This is wrong.
qml: FACADE PROBE: --- passes (6) ---
qml: FACADE PROBE: PASS PlayerPage built a PlayerEngine
qml: FACADE PROBE: PASS PlayerEngine loaded an inner engine
qml: FACADE PROBE: PASS booted on the Player 2 branch (PlayerEngine.p2=true)
qml: FACADE PROBE: PASS capture capability is off on Player 2
qml: FACADE PROBE: PASS a pause the engine refuses does not stick to the facade (state=0 (Idle))
qml: FACADE PROBE: PASS with no media open the engine reports no video size (width="" height="")
qml: FACADE PROBE: --- failures (1) ---
qml: FACADE PROBE: FAIL position advances under PlayerPage (never advanced; state=8 pos=0.00 dur=0.00 pause=false seeking=false)
qml: FACADE PROBE: lifecycle fileStarted=1 fileLoaded=0 trackListChanged=0 endFile=[error] playbackError=[open:Could not open media: Invalid data found when processing input]
qml: FACADE PROBE: mode=auto RESULT FAIL
No QSGTexture provided from updateSampledImage(). This is wrong.
qt.sql.qsqldatabase: QSqlDatabase requires a QCoreApplication
qt.sql.qsqldatabase: QSqlDatabase requires a QCoreApplication
